data/breakfast-at-the-frat/subsets/incomplete/1111009497-2495-incomplete.csv
"WEEK_END_DATE","STORE_NUM","UPC","UNITS","VISITS","HHS","SPEND","PRICE","BASE_PRICE","FEATURE","DISPLAY","TPR_ONLY","WEEK_END_DATE_2","YEAR","MONTH","DAY_OF_MONTH","ABS_DISCOUNT","REL_DISCOUNT"
"14-01-2009",2495,1111009497,21,21,20,24.99,1.19,1.19,0,0,0,2009-01-14,2009,1,14,0,0
"21-01-2009",2495,1111009497,64,59,59,63.36,0.99,1.19,1,0,0,2009-01-21,2009,1,21,-0.2,-0.168067226890756
"28-01-2009",2495,1111009497,40,37,37,39.6,0.99,1.19,0,0,1,2009-01-28,2009,1,28,-0.2,-0.168067226890756
"04-02-2009",2495,1111009497,37,35,35,43.29,1.17,1.17,0,0,0,2009-02-04,2009,2,4,0,0
"11-02-2009",2495,1111009497,51,48,48,60.18,1.18,1.18,0,0,0,2009-02-11,2009,2,11,0,0
"18-02-2009",2495,1111009497,60,53,53,70.2,1.17,1.17,0,0,0,2009-02-18,2009,2,18,0,0
"25-02-2009",2495,1111009497,47,44,44,54.99,1.17,1.17,0,0,0,2009-02-25,2009,2,25,0,0
"04-03-2009",2495,1111009497,86,77,76,85.14,0.99,1.17,1,0,0,2009-03-04,2009,3,4,-0.18,-0.153846153846154
"11-03-2009",2495,1111009497,42,38,38,48.72,1.16,1.16,0,0,0,2009-03-11,2009,3,11,0,0
"18-03-2009",2495,1111009497,35,34,34,40.95,1.17,1.17,0,0,0,2009-03-18,2009,3,18,0,0
"25-03-2009",2495,1111009497,19,17,17,22.42,1.18,1.18,0,0,0,2009-03-25,2009,3,25,0,0
"01-04-2009",2495,1111009497,19,19,18,22.42,1.18,1.18,0,0,0,2009-04-01,2009,4,1,0,0
"08-04-2009",2495,1111009497,25,25,25,28.25,1.13,1.13,0,0,0,2009-04-08,2009,4,8,0,0
"15-04-2009",2495,1111009497,25,19,19,29.75,1.19,1.19,0,0,0,2009-04-15,2009,4,15,0,0
"22-04-2009",2495,1111009497,26,24,24,30.94,1.19,1.19,0,0,0,2009-04-22,2009,4,22,0,0
"29-04-2009",2495,1111009497,21,20,20,24.57,1.17,1.17,0,0,0,2009-04-29,2009,4,29,0,0
"06-05-2009",2495,1111009497,15,15,15,17.55,1.17,1.17,0,0,0,2009-05-06,2009,5,6,0,0
"13-05-2009",2495,1111009497,18,17,17,21.24,1.18,1.18,0,0,0,2009-05-13,2009,5,13,0,0
"20-05-2009",2495,1111009497,25,22,22,24.25,0.97,1.18,0,0,1,2009-05-20,2009,5,20,-0.21,-0.177966101694915
"27-05-2009",2495,1111009497,21,20,20,20.58,0.98,1.18,0,0,1,2009-05-27,2009,5,27,-0.2,-0.169491525423729
"03-06-2009",2495,1111009497,22,22,21,21.78,0.99,1.18,0,0,1,2009-06-03,2009,6,3,-0.19,-0.161016949152542
"10-06-2009",2495,1111009497,23,22,22,22.54,0.98,1.18,0,0,1,2009-06-10,2009,6,10,-0.2,-0.169491525423729
"17-06-2009",2495,1111009497,31,30,30,30.07,0.97,1.18,0,0,1,2009-06-17,2009,6,17,-0.21,-0.177966101694915
"24-06-2009",2495,1111009497,16,15,15,15.68,0.98,1.18,0,0,1,2009-06-24,2009,6,24,-0.2,-0.169491525423729
"01-07-2009",2495,1111009497,24,23,23,23.28,0.97,0.97,0,0,0,2009-07-01,2009,7,1,0,0
"08-07-2009",2495,1111009497,23,22,22,22.54,0.98,0.98,0,0,0,2009-07-08,2009,7,8,0,0
"15-07-2009",2495,1111009497,31,31,28,30.69,0.99,0.99,0,0,0,2009-07-15,2009,7,15,0,0
"22-07-2009",2495,1111009497,23,19,19,22.77,0.99,0.99,0,0,0,2009-07-22,2009,7,22,0,0
"29-07-2009",2495,1111009497,51,51,51,49.98,0.98,0.98,0,0,0,2009-07-29,2009,7,29,0,0
"05-08-2009",2495,1111009497,61,60,58,59.17,0.97,0.97,0,0,0,2009-08-05,2009,8,5,0,0
"12-08-2009",2495,1111009497,57,53,53,55.86,0.98,0.97,0,1,0,2009-08-12,2009,8,12,0.01,0.0103092783505155
"19-08-2009",2495,1111009497,45,45,43,44.1,0.98,0.97,0,1,0,2009-08-19,2009,8,19,0.01,0.0103092783505155
"26-08-2009",2495,1111009497,16,15,15,15.68,0.98,0.98,0,0,0,2009-08-26,2009,8,26,0,0
"02-09-2009",2495,1111009497,27,24,24,26.46,0.98,0.98,0,0,0,2009-09-02,2009,9,2,0,0
"09-09-2009",2495,1111009497,27,25,25,26.46,0.98,0.98,0,0,0,2009-09-09,2009,9,9,0,0
"16-09-2009",2495,1111009497,29,23,23,28.13,0.97,0.98,1,0,0,2009-09-16,2009,9,16,-0.01,-0.0102040816326531
"23-09-2009",2495,1111009497,15,13,13,14.1,0.94,0.94,0,0,0,2009-09-23,2009,9,23,0,0
"30-09-2009",2495,1111009497,27,24,24,25.92,0.96,0.96,0,0,0,2009-09-30,2009,9,30,0,0
"07-10-2009",2495,1111009497,17,16,16,16.49,0.97,0.97,0,0,0,2009-10-07,2009,10,7,0,0
"14-10-2009",2495,1111009497,15,15,15,14.7,0.98,0.98,0,0,0,2009-10-14,2009,10,14,0,0
"21-10-2009",2495,1111009497,26,23,23,25.48,0.98,0.98,0,0,0,2009-10-21,2009,10,21,0,0
"28-10-2009",2495,1111009497,21,16,16,19.32,0.92,0.92,0,0,0,2009-10-28,2009,10,28,0,0
"04-11-2009",2495,1111009497,18,18,18,17.64,0.98,0.98,0,0,0,2009-11-04,2009,11,4,0,0
"11-11-2009",2495,1111009497,13,10,10,12.22,0.94,0.94,0,0,0,2009-11-11,2009,11,11,0,0
"18-11-2009",2495,1111009497,15,15,15,14.85,0.99,0.99,0,0,0,2009-11-18,2009,11,18,0,0
"25-11-2009",2495,1111009497,23,23,23,21.85,0.95,0.95,0,0,0,2009-11-25,2009,11,25,0,0
"02-12-2009",2495,1111009497,17,17,17,16.49,0.97,0.97,0,0,0,2009-12-02,2009,12,2,0,0
"09-12-2009",2495,1111009497,30,29,27,29.4,0.98,0.97,1,0,0,2009-12-09,2009,12,9,0.01,0.0103092783505155
"16-12-2009",2495,1111009497,44,41,41,43.12,0.98,0.97,1,0,0,2009-12-16,2009,12,16,0.01,0.0103092783505155
"23-12-2009",2495,1111009497,45,42,42,44.1,0.98,0.98,0,0,0,2009-12-23,2009,12,23,0,0
"30-12-2009",2495,1111009497,30,27,27,29.4,0.98,0.98,0,0,0,2009-12-30,2009,12,30,0,0
"06-01-2010",2495,1111009497,31,30,30,30.69,0.99,0.98,1,0,0,2010-01-06,2010,1,6,0.01,0.0102040816326531
"13-01-2010",2495,1111009497,12,12,12,11.88,0.99,0.99,0,0,0,2010-01-13,2010,1,13,0,0
"20-01-2010",2495,1111009497,31,26,26,30.69,0.99,0.99,0,0,0,2010-01-20,2010,1,20,0,0
"27-01-2010",2495,1111009497,33,30,30,38.94,1.18,1.18,0,0,0,2010-01-27,2010,1,27,0,0
"03-02-2010",2495,1111009497,30,25,25,36.9,1.23,1.23,0,0,0,2010-02-03,2010,2,3,0,0
"10-02-2010",2495,1111009497,26,24,24,32.24,1.24,1.24,0,0,0,2010-02-10,2010,2,10,0,0
"17-02-2010",2495,1111009497,20,15,15,25,1.25,1.25,0,0,0,2010-02-17,2010,2,17,0,0
"24-02-2010",2495,1111009497,14,14,14,17.36,1.24,1.24,0,0,0,2010-02-24,2010,2,24,0,0
"03-03-2010",2495,1111009497,31,25,25,36.27,1.17,1.17,0,0,0,2010-03-03,2010,3,3,0,0
"10-03-2010",2495,1111009497,23,20,20,22.31,0.97,1.17,0,0,1,2010-03-10,2010,3,10,-0.2,-0.170940170940171
"17-03-2010",2495,1111009497,14,13,13,14.14,1.01,1.17,0,0,1,2010-03-17,2010,3,17,-0.16,-0.136752136752137
"24-03-2010",2495,1111009497,21,18,18,24.78,1.18,1.18,0,0,0,2010-03-24,2010,3,24,0,0
"31-03-2010",2495,1111009497,17,16,16,20.57,1.21,1.21,0,0,0,2010-03-31,2010,3,31,0,0
"07-04-2010",2495,1111009497,21,18,18,25.62,1.22,1.22,0,0,0,2010-04-07,2010,4,7,0,0
"14-04-2010",2495,1111009497,17,13,13,20.74,1.22,1.22,0,0,0,2010-04-14,2010,4,14,0,0
"21-04-2010",2495,1111009497,14,8,8,17.36,1.24,1.24,0,0,0,2010-04-21,2010,4,21,0,0
"28-04-2010",2495,1111009497,17,17,17,17.17,1.01,1.24,0,0,1,2010-04-28,2010,4,28,-0.23,-0.185483870967742
"05-05-2010",2495,1111009497,29,26,26,28.42,0.98,1.24,0,0,1,2010-05-05,2010,5,5,-0.26,-0.209677419354839
"12-05-2010",2495,1111009497,25,24,24,30.5,1.22,1.22,0,0,0,2010-05-12,2010,5,12,0,0
"19-05-2010",2495,1111009497,22,20,19,27.28,1.24,1.24,0,0,0,2010-05-19,2010,5,19,0,0
"26-05-2010",2495,1111009497,13,12,12,16.12,1.24,1.24,0,0,0,2010-05-26,2010,5,26,0,0
"02-06-2010",2495,1111009497,16,16,16,19.84,1.24,1.24,0,0,0,2010-06-02,2010,6,2,0,0
"09-06-2010",2495,1111009497,17,15,15,20.91,1.23,1.23,0,0,0,2010-06-09,2010,6,9,0,0
"16-06-2010",2495,1111009497,17,15,15,20.91,1.23,1.23,0,0,0,2010-06-16,2010,6,16,0,0
"23-06-2010",2495,1111009497,17,12,12,21.08,1.24,1.24,0,0,0,2010-06-23,2010,6,23,0,0
"30-06-2010",2495,1111009497,16,16,16,19.84,1.24,1.24,0,0,0,2010-06-30,2010,6,30,0,0
"07-07-2010",2495,1111009497,15,14,14,18.6,1.24,1.24,0,0,0,2010-07-07,2010,7,7,0,0
"14-07-2010",2495,1111009497,24,22,22,29.04,1.21,1.21,0,0,0,2010-07-14,2010,7,14,0,0
"21-07-2010",2495,1111009497,12,12,12,14.64,1.22,1.22,0,0,0,2010-07-21,2010,7,21,0,0
"28-07-2010",2495,1111009497,22,19,19,27.06,1.23,1.23,0,0,0,2010-07-28,2010,7,28,0,0
"04-08-2010",2495,1111009497,18,17,17,22.32,1.24,1.24,0,0,0,2010-08-04,2010,8,4,0,0
"11-08-2010",2495,1111009497,13,12,12,16.25,1.25,1.25,0,0,0,2010-08-11,2010,8,11,0,0
"18-08-2010",2495,1111009497,18,16,16,21.96,1.22,1.22,0,0,0,2010-08-18,2010,8,18,0,0
"25-08-2010",2495,1111009497,22,17,17,21.78,0.99,1.22,0,0,1,2010-08-25,2010,8,25,-0.23,-0.188524590163934
"01-09-2010",2495,1111009497,28,24,24,27.44,0.98,1.22,1,0,0,2010-09-01,2010,9,1,-0.24,-0.19672131147541
"08-09-2010",2495,1111009497,15,15,15,18.3,1.22,1.22,0,1,0,2010-09-08,2010,9,8,0,0
"15-09-2010",2495,1111009497,29,25,25,35.67,1.23,1.22,0,1,0,2010-09-15,2010,9,15,0.01,0.00819672131147542
"22-09-2010",2495,1111009497,22,22,21,26.62,1.21,1.21,0,0,0,2010-09-22,2010,9,22,0,0
"29-09-2010",2495,1111009497,22,19,19,27.28,1.24,1.24,0,0,0,2010-09-29,2010,9,29,0,0
"06-10-2010",2495,1111009497,16,15,15,19.68,1.23,1.23,0,0,0,2010-10-06,2010,10,6,0,0
"13-10-2010",2495,1111009497,16,12,12,19.68,1.23,1.23,0,0,0,2010-10-13,2010,10,13,0,0
"20-10-2010",2495,1111009497,24,22,22,29.28,1.22,1.22,0,0,0,2010-10-20,2010,10,20,0,0
"27-10-2010",2495,1111009497,13,13,13,15.99,1.23,1.23,0,0,0,2010-10-27,2010,10,27,0,0
"03-11-2010",2495,1111009497,17,12,12,21.25,1.25,1.25,0,0,0,2010-11-03,2010,11,3,0,0
"10-11-2010",2495,1111009497,21,20,20,25.41,1.21,1.21,0,0,0,2010-11-10,2010,11,10,0,0
"17-11-2010",2495,1111009497,25,23,23,30.75,1.23,1.23,0,0,0,2010-11-17,2010,11,17,0,0
"24-11-2010",2495,1111009497,17,17,17,20.57,1.21,1.21,0,0,0,2010-11-24,2010,11,24,0,0
"01-12-2010",2495,1111009497,27,21,20,32.67,1.21,1.21,0,0,0,2010-12-01,2010,12,1,0,0
"08-12-2010",2495,1111009497,25,24,23,30,1.2,1.2,0,0,0,2010-12-08,2010,12,8,0,0
"15-12-2010",2495,1111009497,28,22,22,34.44,1.23,1.23,0,0,0,2010-12-15,2010,12,15,0,0
"22-12-2010",2495,1111009497,27,23,23,31.86,1.18,1.18,0,0,0,2010-12-22,2010,12,22,0,0
"29-12-2010",2495,1111009497,24,22,22,23.76,0.99,1.18,0,0,1,2010-12-29,2010,12,29,-0.19,-0.161016949152542
"05-01-2011",2495,1111009497,49,45,45,48.02,0.98,1.18,1,0,0,2011-01-05,2011,1,5,-0.2,-0.169491525423729
"12-01-2011",2495,1111009497,13,13,13,15.6,1.2,1.2,0,0,0,2011-01-12,2011,1,12,0,0
"19-01-2011",2495,1111009497,21,18,18,25.2,1.2,1.2,0,0,0,2011-01-19,2011,1,19,0,0
"26-01-2011",2495,1111009497,15,14,14,14.85,0.99,1.2,0,0,1,2011-01-26,2011,1,26,-0.21,-0.175
"02-02-2011",2495,1111009497,18,16,16,17.64,0.98,1.2,0,0,1,2011-02-02,2011,2,2,-0.22,-0.183333333333333
"09-02-2011",2495,1111009497,12,12,12,11.76,0.98,1.2,0,0,1,2011-02-09,2011,2,9,-0.22,-0.183333333333333
"23-02-2011",2495,1111009497,28,16,16,27.72,0.99,1.2,0,0,1,2011-02-23,2011,2,23,-0.21,-0.175
"02-03-2011",2495,1111009497,18,15,15,17.64,0.98,1.2,0,0,1,2011-03-02,2011,3,2,-0.22,-0.183333333333333
"09-03-2011",2495,1111009497,22,15,14,21.56,0.98,1.2,0,0,1,2011-03-09,2011,3,9,-0.22,-0.183333333333333
"16-03-2011",2495,1111009497,16,15,15,15.84,0.99,0.99,0,0,0,2011-03-16,2011,3,16,0,0
"23-03-2011",2495,1111009497,19,18,18,18.62,0.98,0.98,0,0,0,2011-03-23,2011,3,23,0,0
"30-03-2011",2495,1111009497,20,18,18,19.8,0.99,0.99,0,0,0,2011-03-30,2011,3,30,0,0
"06-04-2011",2495,1111009497,19,14,14,18.62,0.98,0.98,0,0,0,2011-04-06,2011,4,6,0,0
"13-04-2011",2495,1111009497,25,20,20,30.5,1.22,1.22,0,0,0,2011-04-13,2011,4,13,0,0
"20-04-2011",2495,1111009497,12,9,9,14.88,1.24,1.24,0,0,0,2011-04-20,2011,4,20,0,0
"27-04-2011",2495,1111009497,14,12,12,17.5,1.25,1.25,0,0,0,2011-04-27,2011,4,27,0,0
"04-05-2011",2495,1111009497,6,11,11,6.6,1.1,1.25,0,0,1,2011-05-04,2011,5,4,-0.15,-0.12
"11-05-2011",2495,1111009497,20,17,16,24.2,1.21,1.21,0,0,0,2011-05-11,2011,5,11,0,0
"18-05-2011",2495,1111009497,17,17,17,20.74,1.22,1.22,0,0,0,2011-05-18,2011,5,18,0,0
"25-05-2011",2495,1111009497,25,22,21,30.75,1.23,1.23,0,0,0,2011-05-25,2011,5,25,0,0
"01-06-2011",2495,1111009497,12,11,11,14.4,1.2,1.2,0,0,0,2011-06-01,2011,6,1,0,0
"08-06-2011",2495,1111009497,7,7,7,8.47,1.21,1.21,0,0,0,2011-06-08,2011,6,8,0,0
"15-06-2011",2495,1111009497,10,9,9,12.2,1.22,1.22,0,0,0,2011-06-15,2011,6,15,0,0
"22-06-2011",2495,1111009497,1,1,1,1.25,1.25,1.25,0,0,0,2011-06-22,2011,6,22,0,0
"29-06-2011",2495,1111009497,19,18,18,23.56,1.24,1.24,0,0,0,2011-06-29,2011,6,29,0,0
"06-07-2011",2495,1111009497,21,19,17,26.04,1.24,1.24,0,0,0,2011-07-06,2011,7,6,0,0
"13-07-2011",2495,1111009497,19,18,17,23.18,1.22,1.22,0,0,0,2011-07-13,2011,7,13,0,0
"20-07-2011",2495,1111009497,17,17,17,18.87,1.11,1.11,0,0,0,2011-07-20,2011,7,20,0,0
"27-07-2011",2495,1111009497,17,17,16,16.66,0.98,1.11,0,0,1,2011-07-27,2011,7,27,-0.13,-0.117117117117117
"03-08-2011",2495,1111009497,15,15,15,14.7,0.98,1.11,0,0,1,2011-08-03,2011,8,3,-0.13,-0.117117117117117
"10-08-2011",2495,1111009497,6,6,6,6.36,1.06,1.11,0,1,0,2011-08-10,2011,8,10,-0.05,-0.0450450450450451
"17-08-2011",2495,1111009497,28,25,24,34.72,1.24,1.24,0,0,0,2011-08-17,2011,8,17,0,0
"24-08-2011",2495,1111009497,17,17,17,20.91,1.23,1.23,0,0,0,2011-08-24,2011,8,24,0,0
"31-08-2011",2495,1111009497,16,15,15,19.84,1.24,1.24,0,0,0,2011-08-31,2011,8,31,0,0
"07-09-2011",2495,1111009497,17,16,16,20.74,1.22,1.22,0,0,0,2011-09-07,2011,9,7,0,0
"14-09-2011",2495,1111009497,25,23,21,30.5,1.22,1.22,0,0,0,2011-09-14,2011,9,14,0,0
"21-09-2011",2495,1111009497,28,23,23,34.72,1.24,1.24,0,0,0,2011-09-21,2011,9,21,0,0
"28-09-2011",2495,1111009497,20,19,19,24.4,1.22,1.22,0,0,0,2011-09-28,2011,9,28,0,0
"05-10-2011",2495,1111009497,22,19,19,26.62,1.21,1.21,0,0,0,2011-10-05,2011,10,5,0,0
"12-10-2011",2495,1111009497,21,21,21,25.83,1.23,1.23,0,0,0,2011-10-12,2011,10,12,0,0
"19-10-2011",2495,1111009497,13,13,13,15.86,1.22,1.22,0,0,0,2011-10-19,2011,10,19,0,0
"26-10-2011",2495,1111009497,27,21,21,33.48,1.24,1.24,0,0,0,2011-10-26,2011,10,26,0,0
"02-11-2011",2495,1111009497,24,24,24,29.28,1.22,1.22,0,0,0,2011-11-02,2011,11,2,0,0
"09-11-2011",2495,1111009497,22,21,21,27.28,1.24,1.24,0,0,0,2011-11-09,2011,11,9,0,0
"16-11-2011",2495,1111009497,16,16,15,19.68,1.23,1.23,0,0,0,2011-11-16,2011,11,16,0,0
"23-11-2011",2495,1111009497,32,27,26,38.72,1.21,1.21,0,0,0,2011-11-23,2011,11,23,0,0
"30-11-2011",2495,1111009497,18,17,17,21.6,1.2,1.2,0,0,0,2011-11-30,2011,11,30,0,0
"07-12-2011",2495,1111009497,26,25,25,31.46,1.21,1.21,0,0,0,2011-12-07,2011,12,7,0,0
"14-12-2011",2495,1111009497,40,37,37,48.8,1.22,1.22,0,0,0,2011-12-14,2011,12,14,0,0
"21-12-2011",2495,1111009497,43,40,40,52.89,1.23,1.23,0,0,0,2011-12-21,2011,12,21,0,0
"28-12-2011",2495,1111009497,40,39,37,49.2,1.23,1.23,0,0,0,2011-12-28,2011,12,28,0,0
"04-01-2012",2495,1111009497,22,20,20,27.06,1.23,1.23,0,0,0,2012-01-04,2012,1,4,0,0
